// Jest Snapshot v1, https://goo.gl/fbAQLP

exports[`App component renders: correctly without products 1`] = `
<div
  className="app "
  data-testid="app-container"
>
  <header
    className="header"
  >
    <div
      className="container"
    >
      <div
        className="row"
      >
        <div
          className="col-2"
        >
          <img
            alt="logo"
            className="logo"
            src="logo.png"
          />
        </div>
        <div
          className="col-8"
        >
          <nav
            className="nav"
          >
            <ul
              className="list"
            >
              <li>
                <a
                  href="/"
                  onClick={[Function]}
                >
                  HOME
                </a>
              </li>
              <li>
                <a
                  href="#"
                >
                  SHOP
                </a>
              </li>
              <li>
                <a
                  href="#"
                >
                  JOURNAL
                </a>
              </li>
              <li>
                <a
                  href="#"
                >
                  MORE
                </a>
              </li>
            </ul>
          </nav>
        </div>
        <div
          className="col-2"
        >
          <div
            className="cartPopupOpen"
          >
            <span
              aria-expanded="false"
              className="cartPopupOpenLink"
              data-testid="cart-popup-open-link"
              onClick={[Function]}
            >
              My cart (5)
            </span>
          </div>
        </div>
      </div>
    </div>
  </header>
  <div
    className="container"
  >
    <div
      className="row"
    >
      <div
        className="col-12"
      >
        <div
          className="categoryBanner"
        >
          <img
            alt="Home page banner"
            className="categoryBannerImage"
            src="/media/plates-header.jpg"
          />
          <div
            className="categoryBannerContent"
          >
            <h1>
              Plates
            </h1>
            <p>
              Lorem ipsum dolor, sit amet consectetur adipisicing elit. Ipsum eveniet rem ad culpa quidem incidunt laborum accusamus eius earum animi aliquid corporis inventore ex, dignissimos consequuntur expedita, vitae distinctio odit.
            </p>
          </div>
        </div>
      </div>
    </div>
    <div
      className="row mt-5"
    >
      <h1>
        The products are unavailable. Sorry for inconvenience.
      </h1>
    </div>
  </div>
</div>
`;
